05-09 16:15:23.929 25802 25802 I InCall : CallCardPresenter - callState: 2mOldCallState: 2
05-09 16:15:23.930 25802 25802 I InCall : OPGlowPadAnswerFragment - Show answer UI: false
05-09 16:15:23.930 25802 25802 I InCall : OPGlowPadAnswerFragment - isAnswerVoice: false
05-09 16:15:23.930 25802 25802 I InCall : OPSlideAnswerLayout - stopAnimation
05-09 16:15:23.930 25802 25802 I InCall : OPSlideAnswerLayout - stopShakeAnimation
05-09 16:15:23.930 25802 25802 I InCall : OPSlideAnswerLayout - resetArrow
05-09 16:15:23.932 7588 7603 W BroadcastQueue: Permission Denial: receiving Intent { act=android.intent.action.PHONE_STATE flg=0x1000010 (has extras) } to com.google.android.apps.t
achyon/.PhoneStateMonitor requires android.permission.READ_PRIVILEGED_PHONE_STATE due to sender android (uid 1000)
05-09 16:15:23.933 7588 7663 W BroadcastQueue: Permission Denial: receiving Intent { act=android.intent.action.PHONE_STATE flg=0x1000010 (has extras) } to com.myairtelapp/.dialer.r
eceivers.IncomingCallReceiver requires android.permission.READ_PRIVILEGED_PHONE_STATE due to sender android (uid 1000)
05-09 16:15:23.933 7588 7663 W BroadcastQueue: Permission Denial: receiving Intent { act=android.intent.action.PHONE_STATE flg=0x1000010 (has extras) } to com.myairtelapp/.certific
ation.CallEndReceiver requires android.permission.READ_PRIVILEGED_PHONE_STATE due to sender android (uid 1000)
05-09 16:15:23.933 7588 7663 W BroadcastQueue: Permission Denial: receiving Intent { act=android.intent.action.PHONE_STATE flg=0x1000010 (has extras) } to com.truecaller/.util.Call
MonitoringReceiver requires android.permission.READ_PRIVILEGED_PHONE_STATE due to sender android (uid 1000)
05-09 16:15:23.933 7588 7663 W BroadcastQueue: Permission Denial: receiving Intent { act=android.intent.action.PHONE_STATE flg=0x1000010 (has extras) } to com.zhiliaoapp.musically/
com.ss.android.ugc.aweme.live.sdk.chatroom.receiver.PhoneReceiver requires android.permission.READ_PRIVILEGED_PHONE_STATE due to sender android (uid 1000)
05-09 16:15:23.934 25802 25802 I InCall : OPCallCardFragment - setCallCardVisible : isVisible = true
05-09 16:15:23.934 25802 25802 I InCall : CallCardFragment - setCallButtonsVisible isVisible: true, isButtonVisibility: true
05-09 16:15:23.934 25802 25802 I InCall : CallCardFragment - enabled: true, isEnabled: true, animate: false
05-09 16:15:23.934 25802 25802 I InCall : CallCardFragment - topVisible: false, bottomVisible: false
05-09 16:15:23.934 25802 25802 I InCall : StatusBarNotifier - onStateChange oldState: NO_CALLS newState: NO_CALLS
05-09 16:15:23.934 25802 25802 I InCall : StatusBarNotifier - updateInCallNotification...
05-09 16:15:23.934 25802 25802 I InCall : StatusBarNotifier - updateInCallNotification end...
05-09 16:15:23.934 25802 25802 I InCall : OPVideoCallFragment - cleanupSurfaces
05-09 16:15:23.934 25802 25802 I InCall : VideoCallPresenter - onStateChange primary= null
05-09 16:15:23.934 25802 25802 I InCall : VideoCallPresenter - onStateChange mPrimaryCall = null
05-09 16:15:23.934 25802 25802 I InCall : VideoCallPresenter - updateCallCache: call= null
05-09 16:15:23.938 25802 25802 I InCall : InCallPresenter - Finished InCallPresenter.setUp
05-09 16:15:23.940 7588 7588 I Telecom : InCallController: onConnected to ComponentInfo{com.android.incallui/com.android.incallui.InCallServiceImpl}: ICSBC.oSC@Bn4
05-09 16:15:23.940 7588 7588 I Telecom : InCallController: Adding 1 calls to InCallService after onConnected: ComponentInfo{com.android.incallui/com.android.incallui.InCallServiceI
mpl}, including external calls: ICSBC.oSC@Bn4
05-09 16:15:23.942 7588 7588 I Telecom : InCallController: 1 calls sent to InCallService.: ICSBC.oSC@Bn4
05-09 16:15:23.944 25802 25802 I InCall : InCallServiceImpl - onCallAdded
05-09 16:15:23.946 7588 8730 I Telecom : RingtoneFactory: phoneId = 0 defaultRingtoneUri = content://media/internal/audio/media/64: (...->CS.crCo->H.CS.crCo->H.CS.crCo.pICR)->CSW.
hCCC->ABCF.oPE->ICF.oCFC->CAMSM.pM_2002@E-E-Bn0
05-09 16:15:23.951 7588 8730 I MediaPlayer: constructor
05-09 16:15:23.957 25802 25802 I InCall : InCallPresenter - setBoundAndWaitingForOutgoingCall: false
05-09 16:15:23.957 25802 25802 I InCall : AudioModeProvider - the new mode is 1
05-09 16:15:23.961 7472 7631 D MediaPlayerService: LF player type = 4
05-09 16:15:23.961 7472 7631 D NuPlayerDriver: NuPlayerDriver(0xe80b27e0) created, clientPid(7588)
05-09 16:15:23.963 25802 25802 I InCall : Call - updateFromTelecomCall: Call [id: TC@8, state: RINGING, details: [pa: ComponentInfo{com.android.phone/com.android.services.telephony.
TelephonyConnectionService}, [], UserHandle{0}, hdl: [], caps: [Capabilities: CAPABILITY_SUPPORT_HOLD CAPABILITY_RESPOND_VIA_TEXT CAPABILITY_MUTE CAPABILITY_CANNOT_DOWNGRADE_
VIDEO_TO_AUDIO], props: [Properties:]]]
05-09 16:15:23.965 7472 7631 I ExtendedNuUtils: printFileName fd(16) -> /system/media/audio/ringtones/oneplus_tune.ogg
05-09 16:15:23.965 8632 9931 D QtiEmergencyCallHelper: modem is in single standby mode
05-09 16:15:23.974 25802 25802 I InCall : CallList - getSubId
05-09 16:15:23.974 7472 10323 D GenericSource: FileSource remote
05-09 16:15:23.977 25802 25802 I InCall : CallList - subId:1
05-09 16:15:23.977 25802 25802 I InCall : Call - setSubId subId: 1
05-09 16:15:23.981 7470 8911 I ExtendedExtractor: QTIParser is prefered .. flags 2
05-09 16:15:23.981 7470 8911 I QComExtractorFactory: QTI parser is not preferred for mime: application/ogg
05-09 16:15:23.981 7470 8911 E QCExtractor: ExtendedExtractor failed to instantiate extractor
05-09 16:15:23.981 7470 8911 I ExtendedExtractor: ExtendedExtractor::create 0x0
05-09 16:15:23.983 25802 25802 I InCall : CallList - isEmergencyCallfalse
05-09 16:15:23.983 25802 25802 I InCall : CallList - onIncoming - [Call_7, INCOMING, [Capabilities: CAPABILITY_SUPPORT_HOLD CAPABILITY_RESPOND_VIA_TEXT CAPABILITY_MUTE CAPABILITY_CA
NNOT_DOWNGRADE_VIDEO_TO_AUDIO], children:[], parent:null, conferenceable:[], videoState:Audio Only, mSessionModificationState:0, VideoSettings:(CameraDir:-1), mIsActivSub:false]
05-09 16:15:23.984 7472 10323 E MediaExtractor: Trace connect 0xe66bd6c0 0xe6215200
05-09 16:15:23.984 25802 25802 I InCall : OPSilenceUtils - isSillent: true, hasRegistered: false
05-09 16:15:23.984 25802 25802 I InCall : OPSilenceUtils - sensor: {Sensor name="LSM6DS3 Accelerometer", vendor="STMicroelectronics", version=1, type=1, maxRange=78.4532, resolution
=0.0023956299, power=0.9, minDelay=5000}
05-09 16:15:23.986 7472 10322 D NuPlayerDriver: notifyListener_l(0xe80b27e0), (1, 0, 0, -1), loop setting(0, 0)
05-09 16:15:23.987 25802 25802 I InCall : OPSilenceUtils - registerListener
05-09 16:15:23.987 25802 25802 I InCall : InCallPresenter - startOrFinishUi mIsGameModeOn: false
05-09 16:15:23.987 25802 25802 I InCall : InCallPresenter - Start Full Screen in call UI
05-09 16:15:23.987 25802 25802 I InCall : StatusBarNotifier - updateInCallNotification...
05-09 16:15:23.988 25802 25802 I InCall : ContactInfoCache - callNumber: +919*****5550
05-09 16:15:23.988 25802 25802 I InCall : ContactInfoCache - Contact lookup. In memory cache miss; searching provider.
05-09 16:15:23.988 25802 25802 D CallerInfoUtils: modifyForSpecialCnapCases: initially, number=xxxxxxxxxxxxx, presentation=1 ci com.android.incallui.CallerInfo@669afbd { name null, p
honeNumber null }
05-09 16:15:23.988 25802 25802 D CallerInfoUtils: SpecialCnap: number=xxxxxxxxxxxxx; presentation now=1
05-09 16:15:23.988 25802 25802 D CallerInfoUtils: modifyForSpecialCnapCases: returning number string=xxxxxxxxxxxxx
05-09 16:15:23.988 7588 8730 D Ringtone: Successfully created local player
05-09 16:15:23.989 7588 8730 W Ringtone: Use of stream types is deprecated for operations other than volume control
05-09 16:15:23.989 7588 8730 W Ringtone: See the documentation of setStreamType() for what to use instead with android.media.AudioAttributes to qualify your playback use case
05-09 16:15:23.989 7472 7472 D NuPlayerDriver: reset(0xe80b27e0) at state 4
05-09 16:15:23.989 7472 7472 D NuPlayerDriver: notifyListener_l(0xe80b27e0), (8, 0, 0, -1), loop setting(0, 0)
05-09 16:15:23.990 8632 9931 D QtiEmergencyCallHelper: modem is in single standby mode
05-09 16:15:23.991 7472 10322 W AMessage: failed to post message as target looper for handler 0 is gone.
05-09 16:15:23.991 7472 10322 D NuPlayerDriver: notifyResetComplete(0xe80b27e0)
05-09 16:15:23.991 7472 7472 D NuPlayerDriver: reset(0xe80b27e0) at state 0
05-09 16:15:23.995 7588 8730 V MediaPlayer: resetDrmState: mDrmInfo=null mDrmProvisioningThread=null mPrepareDrmInProgress=false mActiveDrmScheme=false
05-09 16:15:23.995 7588 8730 V MediaPlayer: cleanDrmObj: mDrmObj=null mDrmSessionId=null
05-09 16:15:23.995 7588 8730 V MediaPlayer: resetDrmState: mDrmInfo=null mDrmProvisioningThread=null mPrepareDrmInProgress=false mActiveDrmScheme=false
05-09 16:15:23.995 7588 8730 V MediaPlayer: cleanDrmObj: mDrmObj=null mDrmSessionId=null
05-09 16:15:23.997 7588 8664 W BroadcastQueue: Permission Denial: receiving Intent { act=android.intent.action.PHONE_STATE flg=0x1000010 (has extras) } to com.yulore.framework/com.
yulore.basic.cache.receiver.MultipleReceiver requires android.permission.READ_PHONE_STATE due to sender android (uid 1000)
05-09 16:15:23.997 7588 8730 I MediaPlayer: constructor
05-09 16:15:24.008 7588 20771 W BroadcastQueue: Permission Denial: receiving Intent { act=android.intent.action.PHONE_STATE flg=0x1000010 (has extras) } to com.google.android.apps.t
achyon/.PhoneStateMonitor requires android.permission.READ_PHONE_STATE due to sender android (uid 1000)
05-09 16:15:24.009 9436 9436 D NotificationListener: onNotificationPosted# hash: 138946954 sbn: StatusBarNotification(pkg=android user=UserHandle{0} id=40 tag=null key=0|android|40
|null|1000: Notification(channel=FOREGROUND_SERVICE pri=0 contentView=null vibrate=null sound=null defaults=0x0 flags=0x2 color=0xff607d8b vis=PRIVATE))
05-09 16:15:24.015 25802 25802 D CallerInfoUtils: ==> Actually starting CallerInfoAsyncQuery.startQuery()...
05-09 16:15:24.016 7472 7472 D MediaPlayerService: LF player type = 4
05-09 16:15:24.017 7472 7472 D NuPlayerDriver: NuPlayerDriver(0xe80b2a10) created, clientPid(7588)
05-09 16:15:24.018 8632 8989 D QtiEmergencyCallHelper: modem is in single standby mode
05-09 16:15:24.019 9436 9436 D NotificationListener: onNotificationPosted# hash: 138946954 sbn: StatusBarNotification(pkg=com.truecaller user=UserHandle{0} id=2131362196 tag=null k
ey=0|com.truecaller|2131362196|null|10109: Notification(channel=null pri=0 contentView=null vibrate=null sound=null defaults=0x0 flags=0x62 color=0xff0091ea vis=PRIVATE))
05-09 16:15:24.019 7472 7472 I ExtendedNuUtils: printFileName fd(16) -> /system/media/audio/ringtones/oneplus_tune.ogg
05-09 16:15:24.021 25802 25802 I InCall : ContactInfoCache - lookupKey: null, phonebookLabel: null
05-09 16:15:24.021 25802 25802 I InCall : ContactInfoCache - findInfoQueryComplete
05-09 16:15:24.022 25802 25802 I InCall : StatusBarNotifier - callState: 4
05-09 16:15:24.024 7472 10328 D GenericSource: FileSource remote
05-09 16:15:24.025 7588 11245 W BroadcastQueue: Permission Denial: receiving Intent { act=android.intent.action.PHONE_STATE flg=0x1000010 (has extras) } to com.zhiliaoapp.musically/
com.ss.android.ugc.aweme.live.sdk.chatroom.receiver.PhoneReceiver requires android.permission.READ_PHONE_STATE due to sender android (uid 1000)
05-09 16:15:24.028 25802 25802 D CallUtil: getVideoCallingAvailability VIDEO_CALLING_DISABLED
05-09 16:15:24.032 7470 16577 I ExtendedExtractor: QTIParser is prefered .. flags 2
05-09 16:15:24.032 7470 16577 I QComExtractorFactory: QTI parser is not preferred for mime: application/ogg
05-09 16:15:24.033 7470 16577 E QCExtractor: ExtendedExtractor failed to instantiate extractor
05-09 16:15:24.033 7470 16577 I ExtendedExtractor: ExtendedExtractor::create 0x0
05-09 16:15:24.038 25802 25802 D CallUtil: getVideoCallingAvailability VIDEO_CALLING_DISABLED
05-09 16:15:24.039 7472 10328 E MediaExtractor: Trace connect 0xe66bd6c0 0xe66c4800
05-09 16:15:24.040 7472 10326 D NuPlayerDriver: notifyListener_l(0xe80b2a10), (1, 0, 0, -1), loop setting(0, 0)
05-09 16:15:24.042 7588 8730 D Ringtone: Successfully created local player
05-09 16:15:24.043 25802 25802 I InCall : StatusBarNotifier - Data changed. Showing notification
05-09 16:15:24.043 7588 8730 I Telecom : Event: RecordEntry TC@8: START_RINGER, null: (...->CS.crCo->H.CS.crCo->H.CS.crCo.pICR)->CSW.hCCC->ABCF.oPE->ICF.oCFC->CAMSM.pM_2002@E-E-Bn0
05-09 16:15:24.045 7588 8730 I Telecom : OPTelecomUtils subid is 1
05-09 16:15:24.047 7588 10332 I Telecom : AsyncRingtonePlayer: Play ringtone.
05-09 16:15:24.047 7588 10332 I Telecom : RingtoneFactory: ringtoneUri is null
05-09 16:15:24.047 7588 8730 I Telecom : Event: RecordEntry TC@8: START_VIBRATOR, hasVibrator=true, userRequestsVibrate=true, ringerMode=2, isVibrating=false: (...->CS.crCo->H.CS.c
rCo->H.CS.crCo.pICR)->CSW.hCCC->ABCF.oPE->ICF.oCFC->CAMSM.pM_2002@E-E-Bn0
05-09 16:15:24.047 7588 8730 I Ringer : Is support linear motor: false
05-09 16:15:24.048 7588 8730 D VibratorService: , startTime: 7700705, effect: Waveform{mTimings=[0, 1000, 1000], mAmplitudes=[0, -1, 0], mRepeat=0}, usageHint: 6, uid: 1000, opPkg:
com.android.server.telecom
05-09 16:15:24.048 7588 8730 I MediaFocusControl: AudioFocus requestAudioFocus() from uid/pid 1000/7588 clientId=AudioFocus_For_Phone_Ring_And_Calls req=2 flags=0x4
05-09 16:15:24.048 7588 8730 D AudioManager: PPD setMode mode = 1
05-09 16:15:24.049 7588 8730 V AudioManager: Elem: dalvik.system.VMStack.getThreadStackTrace(Native Method)
05-09 16:15:24.049 7588 8730 V AudioManager: Elem: java.lang.Thread.getStackTrace(Thread.java:1536)
05-09 16:15:24.049 7588 8730 V AudioManager: Elem: android.media.AudioManager.setMode(AudioManager.java:1630)
05-09 16:15:24.049 7588 8730 V AudioManager: Elem: com.android.server.telecom.CallAudioModeStateMachine$RingingFocusState.enter(CallAudioModeStateMachine.java:217)
05-09 16:15:24.049 7588 8730 V AudioManager: Elem: com.android.internal.util.StateMachine$SmHandler.invokeEnterMethods(StateMachine.java:1037)
05-09 16:15:24.049 7588 8730 V AudioManager: Elem: com.android.internal.util.StateMachine$SmHandler.performTransitions(StateMachine.java:879)
05-09 16:15:24.049 7588 8730 V AudioManager: Elem: com.android.internal.util.StateMachine$SmHandler.handleMessage(StateMachine.java:819)
05-09 16:15:24.049 7588 8730 V AudioManager: Elem: android.os.Handler.dispatchMessage(Handler.java:105)
05-09 16:15:24.049 7588 8730 V AudioManager: Elem: android.os.Looper.loop(Looper.java:164)
05-09 16:15:24.049 7588 8730 V AudioManager: Elem: android.os.HandlerThread.run(HandlerThread.java:65)
05-09 16:15:24.049 529 1348 D audio_hw_primary: adev_set_mode: mode 1
05-09 16:15:24.050 7379 4840 D AudioPolicyManagerCustom: setPhoneState() state 1
05-09 16:15:24.050 7379 4840 D APM_AudioPolicyManager: checkOutputForAllStrategies()
05-09 16:15:24.050 7379 4840 V AudioPolicyManagerCustom: checkOutputForStrategy(): policy related outputs
05-09 16:15:24.050 7379 4840 I chatty : uid=1041(audioserver) Binder:7379_8 identical 6 lines
05-09 16:15:24.050 7379 4840 V AudioPolicyManagerCustom: checkOutputForStrategy(): policy related outputs
05-09 16:15:24.050 7379 4840 D APM_AudioPolicyManager: checkOutputForAllStrategies()--
05-09 16:15:24.050 7379 4840 I APM_AudioPolicyManager: setOutputDevice() device 0000 delayMs 0
05-09 16:15:24.050 7379 4840 I chatty : uid=1041(audioserver) Binder:7379_8 identical 1 line
05-09 16:15:24.050 7379 4840 I APM_AudioPolicyManager: setOutputDevice() device 0000 delayMs 0
05-09 16:15:24.050 7379 4840 I AudioPolicyManagerCustom: checkAndSetVolume:stream:0,index:6 device:0,delayMs:0,muteCount:0
05-09 16:15:24.050 7379 4840 I AudioPolicyManagerCustom: checkAndSetVolume:stream:1,index:7 device:0,delayMs:0,muteCount:0
05-09 16:15:24.050 7379 7724 I AudioFlinger: setStreamVolume() stream 1 value 0.501188 output 37
05-09 16:15:24.050 7379 4840 I AudioPolicyManagerCustom: checkAndSetVolume:stream:2,index:7 device:0,delayMs:0,muteCount:0
05-09 16:15:24.050 7379 7724 I AudioFlinger: setStreamVolume() stream 2 value 1.000000 output 37
05-09 16:15:24.051 7379 4840 I AudioPolicyManagerCustom: checkAndSetVolume:stream:3,index:30 device:0,delayMs:0,muteCount:0
05-09 16:15:24.051 7379 7724 I AudioFlinger: setStreamVolume() stream 3 value 1.000000 output 37
05-09 16:15:24.055 7379 4840 I AudioPolicyManagerCustom: checkAndSetVolume:stream:4,index:7 device:0,delayMs:0,muteCount:0
05-09 16:15:24.055 7379 4840 I AudioPolicyManagerCustom: checkAndSetVolume:stream:5,index:7 device:0,delayMs:0,muteCount:0
05-09 16:15:24.055 7379 7724 I AudioFlinger: setStreamVolume() stream 5 value 1.000000 output 37
05-09 16:15:24.055 7379 4840 I AudioPolicyManagerCustom: checkAndSetVolume:stream:6,index:7 device:0,delayMs:0,muteCount:0
05-09 16:15:24.055 7379 4840 V AudioPolicyManagerCustom: checkAndSetVolume() cannot set stream 6 volume with force use = 1 for comm
05-09 16:15:24.055 7379 4840 I AudioPolicyManagerCustom: checkAndSetVolume:stream:7,index:7 device:0,delayMs:0,muteCount:0
05-09 16:15:24.055 7379 7724 I AudioFlinger: setStreamVolume() stream 7 value 0.501188 output 37
05-09 16:15:24.055 7379 4840 I AudioPolicyManagerCustom: checkAndSetVolume:stream:8,index:15 device:0,delayMs:0,muteCount:0
05-09 16:15:24.055 7379 7724 I AudioFlinger: setStreamVolume() stream 8 value 0.501188 output 37
05-09 16:15:24.056 7588 10332 I Telecom : RingtoneFactory: phoneId = 0 defaultRingtoneUri = content://media/internal/audio/media/64
05-09 16:15:24.056 7379 4840 I AudioPolicyManagerCustCount:0
05-09 16:15:24.059 7379 4840 V AudioPolicyManagerCustom: mLimitMusicVolume 0
05-09 16:15:24.059 7379 4840 D AudioPolicyManagerCustom: setPhoneState()--
05-09 16:15:24.060 7588 10332 I MediaPlayer: constructor
05-09 16:15:24.061 25802 25802 I InCall : StatusBarNotifier - hasInCallUIStarted: false
05-09 16:15:24.061 25802 25802 I InCall : StatusBarNotifier - shouldStartUIForContact
05-09 16:15:24.061 25802 25802 D OPExtensionManager: getInstance
05-09 16:15:24.061 25802 25802 D OPExtensionManager: shouldStartUIForContact mOPTelecomSvc: com.android.phone.common.IOPTelecomService$Stub$Proxy@ce1854e
05-09 16:15:24.062 7588 8653 I OPTelecomService: zenMode: 0
05-09 16:15:24.063 25802 25802 I InCall : StatusBarNotifier - - Setting fullScreenIntent: PendingIntent{886dd03: android.os.BinderProxy@2dd849}
05-09 16:15:24.065 7588 7663 W BroadcastQueue: Skipping deliver [foreground] BroadcastRecord{9c765fb u-1 android.media.VOLUME_CHANGED_ACTION} to ReceiverList{3ffdb55 8441 com.andro
id.systemui/10030/u0 remote:52d360c}: process gone or crashing
05-09 16:15:24.065 7588 7663 W BroadcastQueue: Skipping deliver [foreground] BroadcastRecord{9c765fb u-1 android.media.VOLUME_CHANGED_ACTION} to ReceiverList{5744e22 8441 com.andro
id.systemui/10030/u0 remote:9a5afed}: process gone or crashing
05-09 16:15:24.070 7588 7663 W BroadcastQueue: Skipping deliver [foreground] BroadcastRecord{61b1618 u-1 android.media.VOLUME_CHANGED_ACTION} to ReceiverList{3ffdb55 8441 com.andro
id.systemui/10030/u0 remote:52d360c}: process gone or crashing
05-09 16:15:24.070 7588 7663 W BroadcastQueue: Skipping deliver [foreground] BroadcastRecord{61b1618 u-1 android.media.VOLUME_CHANGED_ACTION} to ReceiverList{5744e22 8441 com.andro
id.systemui/10030/u0 remote:9a5afed}: process gone or crashing
05-09 16:15:24.072 7588 7663 W BroadcastQueue: Skipping deliver [foreground] BroadcastRecord{8d3e871 u-1 android.media.VOLUME_CHANGED_ACTION} to ReceiverList{3ffdb55 8441 com.andro
id.systemui/10030/u0 remote:52d360c}: process gone or crashing
05-09 16:15:24.072 7588 7663 W BroadcastQueue: Skipping deliver [foreground] BroadcastRecord{8d3e871 u-1 android.media.VOLUME_CHANGED_ACTION} to ReceiverList{5744e22 8441 com.andro
id.systemui/10030/u0 remote:9a5afed}: process gone or crashing
05-09 16:15:24.074 7588 7663 W BroadcastQueue: Skipping deliver [foreground] BroadcastRecord{b729656 u-1 android.media.VOLUME_CHANGED_ACTION} to ReceiverList{3ffdb55 8441 com.andro
id.systemui/10030/u0 remote:52d360c}: process gone or crashing
05-09 16:15:24.075 7588 7663 W BroadcastQueue: Skipping deliver [foreground] BroadcastRecord{b729656 u-1 android.media.VOLUME_CHANGED_ACTION} to ReceiverList{5744e22 8441 com.andro
id.systemui/10030/u0 remote:9a5afed}: process gone or crashing
05-09 16:15:24.075 25802 25802 D CallUtil: getVideoCallingAvailability VIDEO_CALLING_DISABLED
05-09 16:15:24.077 7472 7472 D MediaPlayerService: LF player type = 4
05-09 16:15:24.077 7472 7472 D NuPlayerDriver: NuPlayerDriver(0xe622a380) created, clientPid(7588)
05-09 16:15:24.078 25802 25802 I InCall : StatusBarNotifier - the ui state is: false
05-09 16:15:24.078 25802 25802 I InCall : StatusBarNotifier - mShowHighLight: false showHighLight: true
05-09 16:15:24.079 7588 7663 W BroadcastQueue: Skipping deliver [foreground] BroadcastRecord{61c66d7 u-1 android.media.VOLUME_CHANGED_ACTION} to ReceiverList{3ffdb55 8441 com.andro
id.systemui/10030/u0 remote:52d360c}: process gone or crashing
05-09 16:15:24.079 7588 7663 W BroadcastQueue: Skipping deliver [foreground] BroadcastRecord{61c66d7 u-1 android.media.VOLUME_CHANGED_ACTION} to ReceiverList{5744e22 8441 com.andro
id.systemui/10030/u0 remote:9a5afed}: process gone or crashing
05-09 16:15:24.079 7472 7472 I ExtendedNuUtils: printFileName fd(16) -> /system/media/audio/ringtones/oneplus_tune.ogg
05-09 16:15:24.080 7588 7663 W BroadcastQueue: Skipping deliver [foreground] BroadcastRecord{2b77bc4 u-1 android.media.VOLUME_CHANGED_ACTION} to ReceiverList{3ffdb55 8441 com.andro
id.systemui/10030/u0 remote:52d360c}: process gone or crashing
05-09 16:15:24.080 7588 7663 W BroadcastQueue: Skipping deliver [foreground] BroadcastRecord{2b77bc4 u-1 android.media.VOLUME_CHANGED_ACTION} to ReceiverList{5744e22 8441 com.andro
id.systemui/10030/u0 remote:9a5afed}: process gone or crashing
05-09 16:15:24.081 25802 25802 D CallUtil: getVideoCallingAvailability VIDEO_CALLING_DISABLED
05-09 16:15:24.083 7472 10337 D GenericSource: FileSource remote
05-09 16:15:24.085 7588 7663 W BroadcastQueue: Skipping deliver [foreground] BroadcastRecord{d6d9aad u-1 android.media.VOLUME_CHANGED_ACTION} to ReceiverList{3ffdb55 8441 com.andro
id.systemui/10030/u0 remote:52d360c}: process gone or crashing
05-09 16:15:24.085 7588 7663 W BroadcastQueue: Skipping deliver [foreground] BroadcastRecord{d6d9aad u-1 android.media.VOLUME_CHANGED_ACTION} to ReceiverList{5744e22 8441 com.andro
id.systemui/10030/u0 remote:9a5afed}: process gone or crashing
05-09 16:15:24.086 7588 7663 W BroadcastQueue: Skipping deliver [foreground] BroadcastRecord{b99c1e2 u-1 android.media.VOLUME_CHANGED_ACTION} to ReceiverList{3ffdb55 8441 com.andro
id.systemui/10030/u0 remote:52d360c}: process gone or crashing
05-09 16:15:24.086 7588 7663 W BroadcastQueue: Skipping deliver [foreground] BroadcastRecord{b99c1e2 u-1 android.media.VOLUME_CHANGED_ACTION} to ReceiverList{5744e22 8441 com.andro
id.systemui/10030/u0 remote:9a5afed}: process gone or crashing
05-09 16:15:24.087 7588 7663 W BroadcastQueue: Skipping deliver [foreground] BroadcastRecord{569973 u-1 android.media.VOLUME_CHANGED_ACTION} to ReceiverList{3ffdb55 8441 com.androi
d.systemui/10030/u0 remote:52d360c}: process gone or crashing
05-09 16:15:24.088 7588 7663 W BroadcastQueue: Skipping deliver [foreground] BroadcastRecord{569973 u-1 android.media.VOLUME_CHANGED_ACTION} to ReceiverList{5744e22 8441 com.androi
d.systemui/10030/u0 remote:9a5afed}: process gone or crashing
05-09 16:15:24.089 7588 8729 I Telecom : CallAudioRouteStateMachine: Message received: SWITCH_FOCUS=4001, arg1=3: (...->CS.crCo->H.CS.crCo->H.CS.crCo.pICR)->CSW.hCCC->ABCF.oPE->ICF
.oCFC->CAMSM.pM_2002->CARSM.pM_SWITCH_FOCUS@E-E-Bn0
05-09 16:15:24.089 7588 8729 I Telecom : Event: RecordEntry TC@8: AUDIO_ROUTE, Leaving state QuiescentEarpieceRoute: (...->CS.crCo->H.CS.crCo->H.CS.crCo.pICR)->CSW.hCCC->ABCF.oPE->
ICF.oCFC->CAMSM.pM_2002->CARSM.pM_SWITCH_FOCUS@E-E-Bn0
05-09 16:15:24.089 7588 8729 I Telecom : Event: RecordEntry TC@8: AUDIO_ROUTE, Entering state ActiveEarpieceRoute: (...->CS.crCo->H.CS.crCo->H.CS.crCo.pICR)->CSW.hCCC->ABCF.oPE->IC
F.oCFC->CAMSM.pM_2002->CARSM.pM_SWITCH_FOCUS@E-E-Bn0
05-09 16:15:24.089 7588 8729 I Telecom : CallAudioRouteStateMachine: turning speaker phone false: (...->CS.crCo->H.CS.crCo->H.CS.crCo.pICR)->CSW.hCCC->ABCF.oPE->ICF.oCFC->CAMSM.pM_
2002->CARSM.pM_SWITCH_FOCUS@E-E-Bn0
05-09 16:15:24.089 7588 8729 I AudioManager: setSpeakerphoneOn false java.lang.Throwable
05-09 16:15:24.089 7588 8729 I AudioManager: at android.media.AudioManager.setSpeakerphoneOn(AudioManager.java:1235)
05-09 16:15:24.089 7588 8729 I AudioManager: at com.android.server.telecom.CallAudioRouteStateMachine.setSpeakerphoneOn(CallAudioRouteStateMachine.java:1267)
05-09 16:15:24.089 7588 8729 I AudioManager: at com.android.server.telecom.CallAudioRouteStateMachine.-wrap5(Unknown Source:0)
05-09 16:15:24.089 7588 8729 I AudioManager: at com.android.server.telecom.CallAudioRouteStateMachine$ActiveEarpieceRoute.enter(CallAudioRouteStateMachine.java:269)
05-09 16:15:24.089 7588 8729 I AudioManager: at com.android.internal.util.StateMachine$SmHandler.invokeEnterMethods(StateMachine.java:1037)
05-09 16:15:24.089 7588 8729 I AudioManager: at com.android.internal.util.StateMachine$SmHandler.performTransitions(StateMachine.java:879)
05-09 16:15:24.089 7588 8729 I AudioManager: at com.android.internal.util.StateMachine$SmHandler.handleMessage(StateMachine.java:819)
05-09 16:15:24.089 7588 8729 I AudioManager: at android.os.Handler.dispatchMessage(Handler.java:105)
05-09 16:15:24.089 7588 8729 I AudioManager: at android.os.Looper.loop(Looper.java:164)
05-09 16:15:24.089 7588 8729 I AudioManager: at android.os.HandlerThread.run(HandlerThread.java:65)
05-09 16:15:24.090 7588 8729 D AudioService: isHasSpeakerAuthority APP keys: com.android.server.telecom,mIsTelName=true
05-09 16:15:24.090 7470 7609 I ExtendedExtractor: QTIParser is prefered .. flags 2
05-09 16:15:24.090 7470 7609 I QComExtractorFactory: QTI parser is not preferred for mime: application/ogg
05-09 16:15:24.090 7470 7609 E QCExtractor: ExtendedExtractor failed to instantiate extractor
05-09 16:15:24.090 7470 7609 I ExtendedExtractor: ExtendedExtractor::create 0x0
05-09 16:15:24.090 25802 25802 I InCall : StatusBarNotifier - Displaying notification for 2 showOnStatusBar: false
05-09 16:15:24.090 7470 7609 E QCExtractor: ExtendedExtractor failed to instantiate extractor
05-09 16:15:24.090 7470 7609 I ExtendedExtractor: ExtendedExtractor::create 0x0
05-09 16:15:24.094 7588 8729 D AudioService: isInCallState =true
05-09 16:15:24.094 7588 8729 I Telecom : CallAudioRouteStateMachine: setSystemAudioState: changing from [AudioState isMuted: false, route: EARPIECE, supportedRouteMask: EARPIECE, S
PEAKER] to [AudioState isMuted: false, route: EARPIECE, supportedRouteMask: EARPIECE, SPEAKER]: (...->CS.crCo->H.CS.crCo->H.CS.crCo.pICR)->CSW.hCCC->ABCF.oPE->ICF.oCFC->CAMSM.pM_2002
->CARSM.pM_SWITCH_FOCUS@E-E-Bn0
05-09 16:15:24.095 7588 8729 I Telecom : InCallController: Calling onAudioStateChanged, audioState: [AudioState isMuted: false, route: EARPIECE, supportedRouteMask: EARPIECE, SPEAK
ER] -> [AudioState isMuted: false, route: EARPIECE, supportedRouteMask: EARPIECE, SPEAKER]: (...->CS.crCo->H.CS.crCo->H.CS.crCo.pICR)->CSW.hCCC->ABCF.oPE->ICF.oCFC->CAMSM.pM_2002->CA
RSM.pM_SWITCH_FOCUS@E-E-Bn0
05-09 16:15:24.095 7379 4840 D AudioPolicyManagerCustom: setForceUse() usage 0, config 0, mPhoneState 1
05-09 16:15:24.095 7379 4840 D APM_AudioPolicyManager: checkOutputForAllStrategies()
05-09 16:15:24.095 7379 4840 V AudioPolicyManagerCustom: checkOutputForStrategy(): policy related outputs
05-09 16:15:24.095 7379 4840 I chatty : uid=1041(audioserver) Binder:7379_8 identical 6 lines
05-09 16:15:24.095 7379 4840 V AudioPolicyManagerCustom: checkOutputForStrategy(): policy related outputs
05-09 16:15:24.095 7379 4840 D APM_AudioPolicyManager: checkOutputForAllStrategies()--
05-09 16:15:24.096 7379 4840 I APM_AudioPolicyManager: setOutputDevice() device 0000 delayMs 0
05-09 16:15:24.096 7379 4840 I AudioPolicyManagerCustom: checkAndSetVolume:stream:0,index:6 device:0,delayMs:0,muteCount:0
05-09 16:15:24.096 7379 4840 I AudioPolicyManagerCustom: checkAndSetVolume:stream:1,index:7 device:0,delayMs:0,muteCount:0
05-09 16:15:24.096 7379 4840 I AudioPolicyManagerCustom: checkAndSetVolume:stream:2,index:7 device:0,delayMs:0,muteCount:0
05-09 16:15:24.096 7379 4840 I AudioPolicyManagerCustom: checkAndSetVolume:stream:3,index:30 device:0,delayMs:0,muteCount:0
05-09 16:15:24.096 7379 4840 I AudioPolicyManagerCustom: checkAndSetVolume:stream:4,index:7 device:0,delayMs:0,muteCount:0
05-09 16:15:24.096 7379 4840 I AudioPolicyManagerCustom: checkAndSetVolume:stream:5,index:7 device:0,delayMs:0,muteCount:0
05-09 16:15:24.096 7379 4840 I AudioPolicyManagerCustom: checkAndSetVolume:stream:6,index:7 device:0,delayMs:0,muteCount:0
05-09 16:15:24.096 7379 4840 V AudioPolicyManagerCustom: checkAndSetVolume() cannot set stream 6 volume with force use = 0 for comm
05-09 16:15:24.096 7379 4840 I AudioPolicyManagerCustom: checkAndSetVolume:stream:7,index:7 device:0,delayMs:0,muteCount:0
05-09 16:15:24.096 7379 4840 I AudioPolicyManagerCustom: checkAndSetVolume:stream:8,index:15 device:0,delayMs:0,muteCount:0
05-09 16:15:24.096 7379 4840 I AudioPolicyManagerCustom: checkAndSetVolume:stream:9,index:15 device:0,delayMs:0,muteCount:0
05-09 16:15:24.096 7379 4840 I AudioPolicyManagerCustom: checkAndSetVolume:stream:10,index:15 device:0,delayMs:0,muteCount:0
05-09 16:15:24.096 7379 4840 I AudioPolicyManagerCustom: checkAndSetVolume:stream:11,index:0 device:0,delayMs:0,muteCount:0
05-09 16:15:24.096 7379 4840 I APM_AudioPolicyManager: setOutputDevice() device 0000 delayMs 0
05-09 16:15:24.096 7379 4840 I APM_AudioPolicyManager: setOutputDevice() device 0000 delayMs 0
05-09 16:15:24.096 7379 4840 D AudioPolicyManagerCustom: setForceUse()--
05-09 16:15:24.098 7472 10337 E MediaExtractor: Trace connect 0xe66bd840 0xe66c3400
05-09 16:15:24.099 25802 25802 I InCall : StatusBarNotifier - updateInCallNotification end...
05-09 16:15:24.099 25802 25802 I InCall : InCallPresenter - Phone switching state: NO_CALLS -> INCOMING
05-09 16:15:24.099 25802 25802 I InCall : CallCardPresenter - onStateChange() oldState: NO_CALLS, newState: INCOMING
05-09 16:15:24.099 25802 25802 I InCall : CallCardPresenter - Primary call: [Call_7, INCOMING, [Capabilities: CAPABILITY_SUPPORT_HOLD CAPABILITY_RESPOND_VIA_TEXT CAPABILITY_MUTE CAP
ABILITY_CANNOT_DOWNGRADE_VIDEO_TO_AUDIO], children:[], parent:null, conferenceable:[], videoState:Audio Only, mSessionModificationState:0, VideoSettings:(CameraDir:-1), mIsActivSub:f
alse]
05-09 16:15:24.099 25802 25802 I InCall : CallCardPresenter - Secondary call: null
05-09 16:15:24.099 9436 9436 D NotificationListener: onNotificationPosted# hash: 138946954 sbn: StatusBarNotification(pkg=com.android.incallui user=UserHandle{0} id=2 tag=null key=
0|com.android.incallui|2|null|1001: Notification(channel=null pri=2 contentView=null vibrate=null sound=null defaults=0x0 flags=0x82 color=0xff0288d1 category=call actions=2 vis=PRIV
ATE publicVersion=Notification(channel=null pri=0 contentView=null vibrate=null sound=null defaults=0x0 flags=0x0 color=0xff0288d1 vis=PRIVATE)))
05-09 16:15:24.099 25802 25802 I OPRecordLog: CallCardPresenter: mPreviousPrimaryState: 2
05-09 16:15:24.099 25802 25802 D CallerInfoUtils: modifyForSpecialCnapCases: initially, number=xxxxxxxxxxxxx, presentation=1 ci com.android.incallui.CallerInfo@6068ab9 { name null, p
honeNumber null }
05-09 16:15:24.099 25802 25802 D CallerInfoUtils: SpecialCnap: number=xxxxxxxxxxxxx; presentation now=1
05-09 16:15:24.099 25802 25802 D CallerInfoUtils: modifyForSpecialCnapCases: returning number string=xxxxxxxxxxxxx
05-09 16:15:24.101 7472 10336 D NuPlayerDriver: notifyListener_l(0xe622a380), (1, 0, 0, -1), loop setting(0, 0)
05-09 16:15:24.101 8632 8989 D QtiEmergencyCallHelper: modem is in single standby mode
05-09 16:15:24.103 7588 10332 D Ringtone: Successfully created local player
05-09 16:15:24.103 7588 10332 W Ringtone: Use of stream types is deprecated for operations other than volume control
05-09 16:15:24.103 7588 10332 W Ringtone: See the documentation of setStreamType() for what to use instead with android.media.AudioAttributes to qualify your playback use case
05-09 16:15:24.103 7472 7472 D NuPlayerDriver: reset(0xe622a380) at state 4
05-09 16:15:24.103 7472 7472 D NuPlayerDriver: notifyListener_l(0xe622a380), (8, 0, 0, -1), loop setting(0, 0)
05-09 16:15:24.104 7472 10336 W AMessage: failed to post message as target looper for handler 0 is gone.
05-09 16:15:24.105 7472 10336 D NuPlayerDriver: notifyResetComplete(0xe622a380)
05-09 16:15:24.105 7472 7472 D NuPlayerDriver: reset(0xe622a380) at state 0
05-09 16:15:24.106 7588 10332 V MediaPlayer: resetDrmState: mDrmInfo=null mDrmProvisioningThread=null mPrepareDrmInProgress=false mActiveDrmScheme=false
05-09 16:15:24.106 7588 10332 V MediaPlayer: cleanDrmObj: mDrmObj=null mDrmSessionId=null
05-09 16:15:24.106 7588 10332 V MediaPlayer: resetDrmState: mDrmInfo=null mDrmProvisioningThread=null mPrepareDrmInProgress=false mActiveDrmScheme=false
05-09 16:15:24.106 7588 10332 V MediaPlayer: cleanDrmObj: mDrmObj=null mDrmSessionId=null
05-09 16:15:24.109 7588 10332 I MediaPlayer: constructor
05-09 16:15:24.119 25802 25802 I InCall : ContactInfoCache - callNumber: +9195550
05-09 16:15:24.119 25802 25802 I InCall : ContactInfoCache - cacheEntry.number: +9195550
05-09 16:15:24.119 25802 25802 I InCall : ContactInfoCache - Contact lookup. In memory cache hit; lookup still running
05-09 16:15:24.119 25802 25802 I InCall : CallCardPresenter - presenter com.android.incallui.CallCardPresenter@b76297e
05-09 16:15:24.119 25802 25802 I InCall : CallCardPresenter - Update primary display info for ContactCacheEntry{name=null, nameAlternative=null, number=xxxxxxxxxxxxx, location=null,
label=null, photo=null, isSipCall=false, contactUri=null, displayPhotoUri=null, locationAddress=null, openingHours=null, contactLookupResult=1, userType=0, contactRingtoneUri=conten
t://settings/system/ringtone, isEmergencyNumber=false, starred=0, isAutoRecording=false, isContactsExist=false, isVoiceMail=false}
05-09 16:15:24.119 25802 25802 I InCall : CallCardPresenter - mYuloreInfo: null, isVoiceMail: false
05-09 16:15:24.119 25802 25802 I InCall : OPCallCardFragment - Setting primary call
05-09 16:15:24.121 25802 25802 I InCall : CallCardFragment - updatePrimaryInfo
05-09 16:15:24.122 25802 25802 I InCall : CallCardFragment - name = +919*****5550
05-09 16:15:24.122 7472 7631 D MediaPlayerService: LF player type = 4
05-09 16:15:24.122 7472 7631 D NuPlayerDriver: NuPlayerDriver(0xe622a700) created, clientPid(7588)
05-09 16:15:24.123 25802 25802 I InCall : CallCardFragment - setPrimaryName name = +91 ****5550
05-09 16:15:24.124 25802 25802 I InCall : CallCardFragment - isOverSea: true
05-09 16:15:24.124 25802 25802 V PhoneNumberUtil: getGeoDescription('[db8a5a3c2d96f4d9353f27275442297dba3c7696]')...
05-09 16:15:24.125 7472 7631 I ExtendedNuUtils: printFileName fd(16) -> /system/media/audio/ringtones/oneplus_tune.ogg
05-09 16:15:24.125 25802 25802 V PhoneNumberUtil: parsing '[db8a5a3c2d96f4d9353f27275442297dba3c7696]' for countryIso 'IN'...
05-09 16:15:24.126 25802 25802 V PhoneNumberUtil: - parsed number: [a4a366b279d479bf4a3896f40560841c34871702]
05-09 16:15:24.126 25802 25802 V PhoneNumberUtil: - got description: 'India'
05-09 16:15:24.126 25802 25802 I InCall : CallCardFragment - location: India
05-09 16:15:24.129 7472 10340 D GenericSource: FileSource remote
05-09 16:15:24.130 25802 25802 I InCall : CallCardFragment - setPrimaryPhoneNumber number = Ia
05-09 16:15:24.130 25802 25802 I InCall : CallCardFragment - settLocationAnimation isPrimaryCallActive: false, isPrimaryAnimationRunning: false, active: true
05-09 16:15:24.130 25802 25802 I InCall : CallCardFragment - isShowTime = false
05-09 16:15:24.130 25802 25802 I InCall : CallCardFragment - isLocationVisible = false
05-09 16:15:24.130 25802 25802 I InCall : CallCardFragment - setDrawableToImageView photo: null
05-09 16:15:24.131 25802 25802 I OPRecordLog: CallCardPresenter: getRecordFilePrefix Retrieve mPrimaryContactInfo...
05-09 16:15:24.131 25802 25802 I InCall : CallCardFragment - showfalse, duration0
05-09 16:15:24.133 25802 25802 I InCall : CallCardFragment - state: 4, connectionLabel : null
05-09 16:15:24.134 7470 8911 I ExtendedExtractor: QTIParser is prefered .. flags 2
05-09 16:15:24.134 7470 8911 I QComExtractorFactory: QTI parser is not preferred for mime: application/ogg
05-09 16:15:24.134 7470 8911 E QCExtractor: ExtendedExtractor failed to instantiate extractor
05-09 16:15:24.134 7470 8911 I ExtendedExtractor: ExtendedExtractor::create 0x0
05-09 16:15:24.135 7472 10340 E MediaExtractor: Trace connect 0xe66bd980 0xe66c3400
05-09 16:15:24.136 25802 25802 I InCall : CallCardFragment - updateSimIcon isShowIcon: false
05-09 16:15:24.137 25802 25802 I InCall : CallCardFragment - call = [Call_7, INCOMING, [Capabilities: CAPABILITY_SUPPORT_HOLD CAPABILITY_RESPOND_VIA_TEXT CAPABILITY_MUTE CAPABILITY_
CANNOT_DOWNGRADE_VIDEO_TO_AUDIO], children:[], parent:null, conferenceable:[], videoState:Audio Only, mSessionModificationState:0, VideoSettings:(CameraDir:-1), mIsActivSub:false]
05-09 16:15:24.137 7472 10339 D NuPlayerDriver: notifyListener_l(0xe622a700), (1, 0, 0, -1), loop setting(0, 0)
05-09 16:15:24.139 25802 25802 I InCall : CallCardFragment - isEmergency = false
05-09 16:15:24.139 25802 25802 I InCall : CallCardPresenter - isAnswerVoice: false
05-09 16:15:24.139 25802 25802 I InCall : CallCardPresenter - callState: 4mOldCallState: 2
05-09 16:15:24.139 25802 25802 I InCall : CallCardFragment - setPrimaryCallInfoAnimation active: false, isPrimaryCallActive active: false
05-09 16:15:24.139 7588 10332 D Ringtone: Successfully created local player
05-09 16:15:24.139 7588 10332 I Ringtone: play java.lang.Throwable
05-09 16:15:24.139 7588 10332 I Ringtone: at android.media.Ringtone.play(Ringtone.java:360)
05-09 16:15:24.139 7588 10332 I Ringtone: at com.android.server.telecom.AsyncRingtonePlayer.handleRepeat(AsyncRingtonePlayer.java:165)
05-09 16:15:24.139 7588 10332 I Ringtone: at com.android.server.telecom.AsyncRingtonePlayer.handlePlay(AsyncRingtonePlayer.java:154)
05-09 16:15:24.139 7588 10332 I Ringtone: at com.android.server.telecom.AsyncRingtonePlayer.-wrap0(Unknown Source:0)
05-09 16:15:24.139 7588 10332 I Ringtone: at com.android.server.telecom.AsyncRingtonePlayer$1.handleMessage(AsyncRingtonePlayer.java:107)
05-09 16:15:24.139 7588 10332 I Ringtone: at android.os.Handler.dispatchMessage(Handler.java:105)
05-09 16:15:24.139 7588 10332 I Ringtone: at android.os.Looper.loop(Looper.java:164)
05-09 16:15:24.139 7588 10332 I Ringtone: at android.os.HandlerThread.run(HandlerThread.java:65)
05-09 16:15:24.140 25802 25802 D OPPhoneUtils: getPhoneType phone type = 1
05-09 16:15:24.140 25802 25802 I InCall : OPCallCardFragment - setCallCardVisible : isVisible = true
05-09 16:15:24.140 7379 4840 D AudioFlinger: setParameters(): io 0, keyvalue playback=ring, calling pid 7588
05-09 16:15:24.140 25802 25802 I InCall : CallCardFragment - setCallButtonsVisible isVisible: false, isButtonVisibility: true
05-09 16:15:24.140 529 1348 D audio_hw_primary: adev_set_parameters: enter: playback=ring
05-09 16:15:24.140 529 1348 D audio_hw_primary: playback is ring
05-09 16:15:24.140 529 1348 D audio_hw_extn: audio_extn_set_anc_parameters: anc_enabled:0
05-09 16:15:24.140 529 1348 D audio_hw_spkr_prot: audio_extn_fbsp_set_parameters: Speaker protection disabled
05-09 16:15:24.140 25802 25802 I InCall : CallCardFragment - enabled: false, isEnabled: true, animate: false
05-09 16:15:24.140 25802 25802 I InCall : CallCardFragment - topVisible: false, bottomVisible: false
05-09 16:15:24.140 25802 25802 I InCall : InCallActivity - showDialpad : false, isSlideOuting : false
05-09 16:15:24.140 25802 25802 I InCall : OPCallButtonFragment - changed : false, value : false
05-09 16:15:24.140 25802 25802 I InCall : CallButtonPresenter - updateButtonsState
05-09 16:15:24.141 25802 25802 I InCall : InCall - isTransmissionEnabled =false, isTransmissionEnable=false, isBidirectiona=false
05-09 16:15:24.141 7588 10332 I MediaPlayer: start
05-09 16:15:24.141 7588 10332 D AudioPlaybackMonitor: Found a new active media playback. ID:591 -- type:android.media.MediaPlayer -- u/pid:1000/7588 -- state:started -- attr:AudioAt
tributes: usage=6 content=4 flags=0x0 tags= bundle=null
05-09 16:15:24.142 7588 10332 D MediaSessionStack: updateMediaButtonSessionIfNeeded, callers=com.android.server.media.MediaSessionService$1.onAudioPlaybackStarted:151 com.android.se
rver.media.AudioPlaybackMonitor.dispatchPlaybackConfigChange:127
05-09 16:15:24.142 25802 25802 D OPPhoneUtils: getPhoneType phone type = 1
05-09 16:15:24.142 25802 25802 I InCall : CallButtonPresenter - showSwap: false, showHold: false
05-09 16:15:24.142 25802 25802 I InCall : CallButtonPresenter - showAddCall: true, showMerge: false
05-09 16:15:24.143 25802 25802 I InCall : CallButtonPresenter - isAnswerVoice: false
05-09 16:15:24.143 25802 25802 I InCall : CallButtonPresenter - showUpgradeToVideo: false
05-09 16:15:24.143 7472 7631 D NuPlayerDriver: start(0xe622a700), state is 4, eos is 0
05-09 16:15:24.143 25802 25802 I InCall : OPCallButtonFragment - isSelected : false, value : false
05-09 16:15:24.143 7472 10339 I GenericSource: start
05-09 16:15:24.143 25802 25802 I InCall : VideoCallPresenter - onStateChange primary= [Call_7, INCOMING, [Capabilities: CAPABILITY_SUPPORT_HOLD CAPABILITY_RESPOND_VIA_TEXT CAPABILIT
Y_MUTE CAPABILITY_CANNOT_DOWNGRADE_VIDEO_TO_AUDIO], children:[], parent:null, conferenceable:[], videoState:Audio Only, mSessionModificationState:0, VideoSettings:(CameraDir:-1), mIs
ActivSub:false]
05-09 16:15:24.143 7588 10332 I Telecom : AsyncRingtonePlayer: Repeat ringtone.
05-09 16:15:24.143 25802 25802 I InCall : VideoCallPresenter - onStateChange mPrimaryCall = null
05-09 16:15:24.143 25802 25802 I InCall : InCall - isTransmissionEnabled =false, isTransmissionEnable=false, isBidirectiona=false
05-09 16:15:24.143 25802 25802 I InCall : VideoCallPresenter - onPrimaryCallChanged: isVideoCall=false isVideoMode=false
05-09 16:15:24.143 25802 25802 I InCall : InCall - isTransmissionEnabled =false, isTransmissionEnable=false, isBidirectiona=false
05-09 16:15:24.143 25802 25802 I InCall : VideoCallPresenter - checkForOrientationAllowedChange: currMode = 5 newMode = 5
05-09 16:15:24.143 25802 25802 I InCall : VideoCallPresenter - updateCallCache: call= [Call_7, INCOMING, [Capabilities: CAPABILITY_SUPPORT_HOLD CAPABILITY_RESPOND_VIA_TEXT CAPABILIT
Y_MUTE CAPABILITY_CANNOT_DOWNGRADE_VIDEO_TO_AUDIO], children:[], parent:null, conferenceable:[], videoState:Audio Only, mSessionModificationState:0, VideoSettings:(CameraDir:-1), mIs
ActivSub:false]
05-09 16:15:24.143 25802 25802 I InCall : InCall - isTransmissionEnabled =false, isTransmissionEnable=false, isBidirectiona=false
05-09 16:15:24.143 25802 25802 I InCall : VideoCallPresenter - updateButtonsState
05-09 16:15:24.143 25802 25802 I InCall : InCall - isTransmissionEnabled =false, isTransmissionEnable=false, isBidirectiona=false
05-09 16:15:24.144 25802 25802 I InCall : AnswerPresenter - call.getId(): Call_7, mCallId[phoneId]: null
05-09 16:15:24.144 25802 25802 I InCall : AnswerPresenter - Showing incoming for call id: Call_7, subId: 1, phoneId: 0
05-09 16:15:24.145 25802 25802 I InCall : AnswerPresenter - activitynull
05-09 16:15:24.145 25802 25802 I InCall : OPGlowPadAnswerFragment - Show answer UI: true
05-09 16:15:24.145 25802 25802 I InCall : OPGlowPadAnswerFragment - isAnswerVoice: false
05-09 16:15:24.146 7472 10339 W Utils : track of type 'audio/vorbis' does not publish channel mask, channel count 2
05-09 16:15:24.146 7379 4840 V AudioPolicyManagerCustom: isOffloadSupported: SR=44100, CM=0x3, Format=0x7000000, StreamType=2, BitRate=4294967295, duration=14743696 us, has_video=0
05-09 16:15:24.146 7379 4840 D AudioPolicyManagerCustom: isOffloadSupported: stream_type != MUSIC, returning false
05-09 16:15:24.147 25802 25802 I InCall : OPSlideAnswerLayout - resetArrow
05-09 16:15:24.147 25802 25802 I InCall : OPSlideAnswerLayout - startAnimation
05-09 16:15:24.147 25802 25802 I InCall : OPSlideAnswerLayout - startShakeAnimation
05-09 16:15:24.147 7472 10339 W Utils : track of type 'audio/vorbis' does not publish channel mask, channel count 2
05-09 16:15:24.147 7379 4840 V AudioPolicyManagerCustom: isOffloadSupported: SR=44100, CM=0x3, Format=0x7000000, StreamType=2, BitRate=4294967295, duration=14743696 us, has_video=0
05-09 16:15:24.147 7379 4840 D AudioPolicyManagerCustom: isOffloadSupported: stream_type != MUSIC, returning false
05-09 16:15:24.147 25802 25802 I InCall : InCall - isTransmissionEnabled =false, isTransmissionEnable=false, isBidirectiona=false
05-09 16:15:24.148 25802 25802 I InCall : InCall - isTransmissionEnabled =false, isTransmissionEnable=false, isBidirectiona=false
05-09 16:15:24.148 7379 4840 D HalHidl : getParameters() keys is_hw_dec_session_available=audio/vorbis,
05-09 16:15:24.148 529 1348 D audio_hw_spkr_prot: audio_extn_fbsp_get_parameters: Speaker protection disabled
05-09 16:15:24.148 529 1348 D audio_hw_extn: audio_extn_get_parameters: returns
05-09 16:15:24.148 7379 4840 I hash_map_utils: key: 'is_hw_dec_session_available' value: 'audio/vorbis'
05-09 16:15:24.148 7379 4840 D HalHidl : getParameters() keys is_hw_dec_session_available=audio/vorbis,
05-09 16:15:24.149 7379 4840 D HalHidl : getParameters() keys is_hw_dec_session_available=audio/vorbis,
05-09 16:15:24.149 7472 10343 D NuPlayerDecoder: LF MediaCodec::CreateByType ,select ComponentName+++++
05-09 16:15:24.149 25802 25802 I InCall : OPSilenceUtils - onSensorChanged event.values[2]: 9.695663, isScreenUp: false
05-09 16:15:24.151 7472 10344 I OMXClient: Treble IOmx obtained
05-09 16:15:24.152 7476 8556 I OMXMaster: makeComponentInstance(OMX.google.vorbis.decoder) in omx@1.0-service process
05-09 16:15:24.155 7472 10343 D NuPlayerDecoder: LF MediaCodec::CreateByType ,select ComponentName-----
05-09 16:15:24.155 7472 10343 D NuPlayerDecoder: LF configure ComponentName+++++
05-09 16:15:24.155 7476 8556 E OMXNodeInstance: setConfig(0xefc23fe0:google.vorbis.decoder, ConfigPriority(0x6f800002)) ERROR: Undefined(0x80001001)
05-09 16:15:24.156 7472 10344 I ACodec : codec does not support config priority (err -2147483648)
05-09 16:15:24.156 7476 8556 E OMXNodeInstance: setConfig(0xefc23fe0:google.vorbis.decoder, ConfigPriority(0x6f800002)) ERROR: Undefined(0x80001001)
05-09 16:15:24.156 7472 10344 I ACodec : codec does not support config priority (err -2147483648)
05-09 16:15:24.157 7476 18229 E OMXNodeInstance: getConfig(0xefc23fe0:google.vorbis.decoder, ConfigAndroidVendorExtension(0x6f100004)) ERROR: Undefined(0x80001001)
05-09 16:15:24.158 7472 10344 W ExtendedACodec: Failed to get extension for extradata parameter
05-09 16:15:24.158 7472 10343 D NuPlayerDecoder: LF configure ComponentName----
05-09 16:15:24.159 7472 10344 I MediaCodec: MediaCodec will operate in async mode
05-09 16:15:24.160 528 528 W /system/bin/hw/android.hidl.allocator@1.0-service: ashmem_create_region(32768) returning hidl_memory(0x7b62c2c4e0, 32768)
05-09 16:15:24.173 528 528 I chatty : uid=1000(system) allocator@1.0-s identical 10 lines
05-09 16:15:24.174 528 528 W /system/bin/hw/android.hidl.allocator@1.0-service: ashmem_create_region(32768) returning hidl_memory(0x7b62c2c4e0, 32768)
05-09 16:15:24.176 7472 10343 I ExtendedNuUtils: Both src and dst missing for bit-width
05-09 16:15:24.176 7472 10343 I ExtendedNuUtils: Overriding durationUs: with 64 bit src value 14743696
05-09 16:15:24.176 7472 10343 I ExtendedNuUtils: Both src and dst missing for channel-mask
05-09 16:15:24.177 25802 25802 I InCall : ContactInfoCache - contactExists: trueisVoiceMailNumber: false
05-09 16:15:24.177 7379 4840 V AudioPolicyManagerCustom: getOutput() The last flag 0
05-09 16:15:24.177 7379 4840 I AudioPolicyManagerCustom: FLAG None hence request for a primary output
05-09 16:15:24.177 7379 4840 D AudioPolicyManagerCustom: getOutputForDevice() returns output 13 flag 2
05-09 16:15:24.177 25802 25802 I InCall : ContactInfoCache - lookupKey: 714i7bf68d60ab1284a.3789r343-4F294B51434D414541.2791r587-4F294B51434D414541.1419r3253-4F294B51434D414541, pho
nebookLabel: T
05-09 16:15:24.177 7379 4840 V AudioPolicyManagerCustom: getOutput() The last flag 0
05-09 16:15:24.177 7379 4840 I AudioPolicyManagerCustom: FLAG None hence request for a primary output
05-09 16:15:24.177 7379 4840 D AudioPolicyManagerCustom: getOutputForDevice() returns output 13 flag 2
05-09 16:15:24.177 7472 10342 D AudioTrack: set(): streamType 2, sampleRate 44100, format 0x1, channelMask 0x3, frameCount 22050, flags #1, notificationFrames 0, sessionId 657, tran
sferType 0, uid 1000, pid 7588, cbf 1
05-09 16:15:24.177 7379 4840 V AudioPolicyManagerCustom: found attribute .. setting usage 6
05-09 16:15:24.177 7379 4840 D AudioPolicyManagerCustom: Offloading is disabled or Stream is not music --> Force Remove Direct Flag
05-09 16:15:24.177 7379 4840 V AudioPolicyManagerCustom: getOutput() The last flag 0
05-09 16:15:24.177 7379 4840 I AudioPolicyManagerCustom: FLAG None hence request for a primary output
05-09 16:15:24.177 7379 4840 D AudioPolicyManagerCustom: getOutputForDevice() returns output 13 flag 2
05-09 16:15:24.180 7379 4840 D HalHidl : getParameters() keys is_direct_pcm_track,
05-09 16:15:24.180 529 1348 D compress_voip: voice_extn_compress_voip_out_get_parameters: enter
05-09 16:15:24.180 7379 4840 W AudioFlinger: createTrack_l(): mismatch between requested flags (00000001) and output flags (00000006)
